// Vitest Snapshot v1

exports[`Home > shows data from api successfully 1`] = `
<DocumentFragment>
  <div
    class="Home"
  >
    <header
      class="Home-header"
    >
      <img
        alt="logo"
        class="Home-logo"
        src="/src/logo.svg"
      />
      <p>
        Hello Vite + React!
      </p>
      <p>
        Data from API: 
        <span
          style="font-weight: bold; color: greenyellow;"
        >
          pong!
        </span>
      </p>
      <p>
        <button
          type="button"
        >
          count is: 0
        </button>
      </p>
      <p>
        Edit 
        <code>
          App.tsx
        </code>
         and save to test HMR updates.
      </p>
      <p>
        <a
          class="Home-link"
          href="https://reactjs.org"
          rel="noopener noreferrer"
          target="_blank"
        >
          Learn React
        </a>
         | 
        <a
          class="Home-link"
          href="https://vitejs.dev/guide/features.html"
          rel="noopener noreferrer"
          target="_blank"
        >
          Vite Docs
        </a>
      </p>
    </header>
  </div>
</DocumentFragment>
`;
